[2023-09-05T10:51:31.522+0200][0.008s] Heap region size: 1M
[2023-09-05T10:51:31.765+0200][0.251s] Using G1
[2023-09-05T10:51:31.766+0200][0.252s] Heap address: 0x00000007e0000000, size: 512 MB, Compressed Oops mode: Zero based, Oop shift amount: 3
[2023-09-05T10:51:32.392+0200][0.878s] GC(0) Pause Young (Normal) (G1 Evacuation Pause)
[2023-09-05T10:51:32.393+0200][0.879s] GC(0) Using 8 workers of 8 for evacuation
[2023-09-05T10:51:32.395+0200][0.881s] GC(0)   Pre Evacuate Collection Set: 0.0ms
[2023-09-05T10:51:32.395+0200][0.881s] GC(0)   Evacuate Collection Set: 1.8ms
[2023-09-05T10:51:32.395+0200][0.881s] GC(0)   Post Evacuate Collection Set: 0.5ms
[2023-09-05T10:51:32.395+0200][0.881s] GC(0)   Other: 0.7ms
[2023-09-05T10:51:32.395+0200][0.881s] GC(0) Eden regions: 30->0(304)
[2023-09-05T10:51:32.395+0200][0.881s] GC(0) Survivor regions: 0->3(4)
[2023-09-05T10:51:32.395+0200][0.881s] GC(0) Old regions: 0->0
[2023-09-05T10:51:32.395+0200][0.881s] GC(0) Humongous regions: 0->0
[2023-09-05T10:51:32.395+0200][0.881s] GC(0) Metaspace: 13186K->13186K(1060864K)
[2023-09-05T10:51:32.395+0200][0.881s] GC(0) Pause Young (Normal) (G1 Evacuation Pause) 30M->2M(512M) 3.119ms
[2023-09-05T10:51:32.395+0200][0.881s] GC(0) User=0.02s Sys=0.00s Real=0.00s
[2023-09-05T10:51:32.874+0200][1.360s] GC(1) Pause Young (Concurrent Start) (Metadata GC Threshold)
[2023-09-05T10:51:32.874+0200][1.360s] GC(1) Using 8 workers of 8 for evacuation
[2023-09-05T10:51:32.888+0200][1.374s] GC(1)   Pre Evacuate Collection Set: 0.0ms
[2023-09-05T10:51:32.888+0200][1.374s] GC(1)   Evacuate Collection Set: 12.4ms
[2023-09-05T10:51:32.888+0200][1.374s] GC(1)   Post Evacuate Collection Set: 1.6ms
[2023-09-05T10:51:32.888+0200][1.374s] GC(1)   Other: 0.2ms
[2023-09-05T10:51:32.888+0200][1.374s] GC(1) Eden regions: 26->0(72)
[2023-09-05T10:51:32.888+0200][1.374s] GC(1) Survivor regions: 3->12(39)
[2023-09-05T10:51:32.888+0200][1.374s] GC(1) Old regions: 0->0
[2023-09-05T10:51:32.888+0200][1.374s] GC(1) Humongous regions: 4->4
[2023-09-05T10:51:32.888+0200][1.374s] GC(1) Metaspace: 20714K->20714K(1069056K)
[2023-09-05T10:51:32.888+0200][1.374s] GC(1) Pause Young (Concurrent Start) (Metadata GC Threshold) 32M->15M(512M) 14.396ms
[2023-09-05T10:51:32.888+0200][1.374s] GC(1) User=0.05s Sys=0.00s Real=0.01s
[2023-09-05T10:51:32.888+0200][1.374s] GC(2) Concurrent Cycle
[2023-09-05T10:51:32.888+0200][1.374s] GC(2) Concurrent Clear Claimed Marks
[2023-09-05T10:51:32.888+0200][1.374s] GC(2) Concurrent Clear Claimed Marks 0.064ms
[2023-09-05T10:51:32.888+0200][1.374s] GC(2) Concurrent Scan Root Regions
[2023-09-05T10:51:32.893+0200][1.379s] GC(2) Concurrent Scan Root Regions 4.558ms
[2023-09-05T10:51:32.893+0200][1.379s] GC(2) Concurrent Mark (1.379s)
[2023-09-05T10:51:32.893+0200][1.379s] GC(2) Concurrent Mark From Roots
[2023-09-05T10:51:32.893+0200][1.379s] GC(2) Using 2 workers of 2 for marking
[2023-09-05T10:51:32.895+0200][1.381s] GC(2) Concurrent Mark From Roots 1.860ms
[2023-09-05T10:51:32.895+0200][1.381s] GC(2) Concurrent Preclean
[2023-09-05T10:51:32.895+0200][1.381s] GC(2) Concurrent Preclean 0.044ms
[2023-09-05T10:51:32.895+0200][1.381s] GC(2) Concurrent Mark (1.379s, 1.381s) 1.988ms
[2023-09-05T10:51:32.895+0200][1.381s] GC(2) Pause Remark
[2023-09-05T10:51:32.897+0200][1.383s] GC(2) Cleaned string and symbol table, strings: 9532 processed, 0 removed, symbols: 67478 processed, 21 removed
[2023-09-05T10:51:32.897+0200][1.383s] GC(2) Pause Remark 16M->16M(512M) 2.177ms
[2023-09-05T10:51:32.897+0200][1.384s] GC(2) User=0.01s Sys=0.00s Real=0.00s
[2023-09-05T10:51:32.898+0200][1.384s] GC(2) Concurrent Rebuild Remembered Sets
[2023-09-05T10:51:32.900+0200][1.386s] GC(2) Concurrent Rebuild Remembered Sets 2.638ms
[2023-09-05T10:51:32.900+0200][1.386s] GC(2) Pause Cleanup
[2023-09-05T10:51:32.900+0200][1.386s] GC(2) Pause Cleanup 16M->16M(512M) 0.137ms
[2023-09-05T10:51:32.900+0200][1.387s] GC(2) User=0.00s Sys=0.00s Real=0.00s
[2023-09-05T10:51:32.901+0200][1.387s] GC(2) Concurrent Cleanup for Next Mark
[2023-09-05T10:51:32.901+0200][1.387s] GC(2) Concurrent Cleanup for Next Mark 0.819ms
[2023-09-05T10:51:32.901+0200][1.387s] GC(2) Concurrent Cycle 13.153ms
[2023-09-05T10:51:33.704+0200][2.190s] GC(3) Pause Young (Normal) (G1 Evacuation Pause)
[2023-09-05T10:51:33.704+0200][2.190s] GC(3) Using 8 workers of 8 for evacuation
[2023-09-05T10:51:33.715+0200][2.201s] GC(3)   Pre Evacuate Collection Set: 0.0ms
[2023-09-05T10:51:33.715+0200][2.202s] GC(3)   Evacuate Collection Set: 9.5ms
[2023-09-05T10:51:33.715+0200][2.202s] GC(3)   Post Evacuate Collection Set: 1.6ms
[2023-09-05T10:51:33.715+0200][2.202s] GC(3)   Other: 0.1ms
[2023-09-05T10:51:33.715+0200][2.202s] GC(3) Eden regions: 49->0(70)
[2023-09-05T10:51:33.715+0200][2.202s] GC(3) Survivor regions: 12->8(8)
[2023-09-05T10:51:33.715+0200][2.202s] GC(3) Old regions: 0->12
[2023-09-05T10:51:33.715+0200][2.202s] GC(3) Humongous regions: 4->4
[2023-09-05T10:51:33.715+0200][2.202s] GC(3) Metaspace: 26634K->26634K(1073152K)
[2023-09-05T10:51:33.716+0200][2.202s] GC(3) Pause Young (Normal) (G1 Evacuation Pause) 64M->23M(512M) 11.357ms
[2023-09-05T10:51:33.716+0200][2.202s] GC(3) User=0.06s Sys=0.00s Real=0.01s
[2023-09-05T10:51:34.892+0200][3.378s] GC(4) Pause Young (Concurrent Start) (Metadata GC Threshold)
[2023-09-05T10:51:34.892+0200][3.378s] GC(4) Using 8 workers of 8 for evacuation
[2023-09-05T10:51:34.897+0200][3.383s] GC(4)   Pre Evacuate Collection Set: 0.1ms
[2023-09-05T10:51:34.897+0200][3.383s] GC(4)   Evacuate Collection Set: 3.8ms
[2023-09-05T10:51:34.897+0200][3.383s] GC(4)   Post Evacuate Collection Set: 0.2ms
[2023-09-05T10:51:34.897+0200][3.383s] GC(4)   Other: 0.2ms
[2023-09-05T10:51:34.897+0200][3.383s] GC(4) Eden regions: 66->0(104)
[2023-09-05T10:51:34.897+0200][3.383s] GC(4) Survivor regions: 8->2(10)
[2023-09-05T10:51:34.897+0200][3.383s] GC(4) Old regions: 12->20
[2023-09-05T10:51:34.897+0200][3.383s] GC(4) Humongous regions: 4->4
[2023-09-05T10:51:34.897+0200][3.383s] GC(4) Metaspace: 34837K->34837K(1081344K)
[2023-09-05T10:51:34.897+0200][3.383s] GC(4) Pause Young (Concurrent Start) (Metadata GC Threshold) 89M->25M(512M) 4.505ms
[2023-09-05T10:51:34.897+0200][3.383s] GC(4) User=0.02s Sys=0.00s Real=0.00s
[2023-09-05T10:51:34.897+0200][3.383s] GC(5) Concurrent Cycle
[2023-09-05T10:51:34.897+0200][3.383s] GC(5) Concurrent Clear Claimed Marks
[2023-09-05T10:51:34.897+0200][3.383s] GC(5) Concurrent Clear Claimed Marks 0.056ms
[2023-09-05T10:51:34.897+0200][3.383s] GC(5) Concurrent Scan Root Regions
[2023-09-05T10:51:34.898+0200][3.384s] GC(5) Concurrent Scan Root Regions 0.853ms
[2023-09-05T10:51:34.898+0200][3.384s] GC(5) Concurrent Mark (3.384s)
[2023-09-05T10:51:34.898+0200][3.384s] GC(5) Concurrent Mark From Roots
[2023-09-05T10:51:34.898+0200][3.384s] GC(5) Using 2 workers of 2 for marking
[2023-09-05T10:51:34.916+0200][3.403s] GC(5) Concurrent Mark From Roots 18.648ms
[2023-09-05T10:51:34.916+0200][3.403s] GC(5) Concurrent Preclean
[2023-09-05T10:51:34.917+0200][3.403s] GC(5) Concurrent Preclean 0.142ms
[2023-09-05T10:51:34.917+0200][3.403s] GC(5) Concurrent Mark (3.384s, 3.403s) 18.899ms
[2023-09-05T10:51:34.917+0200][3.403s] GC(5) Pause Remark
[2023-09-05T10:51:34.922+0200][3.408s] GC(5) Cleaned string and symbol table, strings: 15658 processed, 21 removed, symbols: 113693 processed, 36 removed
[2023-09-05T10:51:34.922+0200][3.409s] GC(5) Pause Remark 26M->26M(512M) 5.543ms
[2023-09-05T10:51:34.922+0200][3.409s] GC(5) User=0.02s Sys=0.00s Real=0.01s
[2023-09-05T10:51:34.923+0200][3.409s] GC(5) Concurrent Rebuild Remembered Sets
[2023-09-05T10:51:34.935+0200][3.421s] GC(5) Concurrent Rebuild Remembered Sets 11.973ms
[2023-09-05T10:51:34.936+0200][3.422s] GC(5) Pause Cleanup
[2023-09-05T10:51:34.936+0200][3.422s] GC(5) Pause Cleanup 26M->26M(512M) 0.187ms
[2023-09-05T10:51:34.936+0200][3.422s] GC(5) User=0.00s Sys=0.00s Real=0.00s
[2023-09-05T10:51:34.936+0200][3.422s] GC(5) Concurrent Cleanup for Next Mark
[2023-09-05T10:51:34.938+0200][3.424s] GC(5) Concurrent Cleanup for Next Mark 1.712ms
[2023-09-05T10:51:34.938+0200][3.424s] GC(5) Concurrent Cycle 41.425ms
[2023-09-05T10:51:36.326+0200][4.813s] GC(6) Pause Young (Normal) (G1 Evacuation Pause)
[2023-09-05T10:51:36.327+0200][4.813s] GC(6) Using 8 workers of 8 for evacuation
[2023-09-05T10:51:36.333+0200][4.819s] GC(6)   Pre Evacuate Collection Set: 0.0ms
[2023-09-05T10:51:36.333+0200][4.819s] GC(6)   Evacuate Collection Set: 4.9ms
[2023-09-05T10:51:36.333+0200][4.819s] GC(6)   Post Evacuate Collection Set: 1.1ms
[2023-09-05T10:51:36.333+0200][4.819s] GC(6)   Other: 0.2ms
[2023-09-05T10:51:36.333+0200][4.819s] GC(6) Eden regions: 104->0(155)
[2023-09-05T10:51:36.333+0200][4.819s] GC(6) Survivor regions: 2->7(14)
[2023-09-05T10:51:36.333+0200][4.819s] GC(6) Old regions: 20->20
[2023-09-05T10:51:36.333+0200][4.819s] GC(6) Humongous regions: 4->4
[2023-09-05T10:51:36.333+0200][4.819s] GC(6) Metaspace: 45790K->45790K(1091584K)
[2023-09-05T10:51:36.333+0200][4.819s] GC(6) Pause Young (Normal) (G1 Evacuation Pause) 129M->30M(512M) 6.392ms
[2023-09-05T10:51:36.333+0200][4.819s] GC(6) User=0.04s Sys=0.00s Real=0.01s
[2023-09-05T10:51:37.229+0200][5.715s] GC(7) Pause Young (Normal) (G1 Evacuation Pause)
[2023-09-05T10:51:37.229+0200][5.715s] GC(7) Using 8 workers of 8 for evacuation
[2023-09-05T10:51:37.234+0200][5.720s] GC(7)   Pre Evacuate Collection Set: 0.0ms
[2023-09-05T10:51:37.234+0200][5.720s] GC(7)   Evacuate Collection Set: 3.9ms
[2023-09-05T10:51:37.234+0200][5.720s] GC(7)   Post Evacuate Collection Set: 0.5ms
[2023-09-05T10:51:37.234+0200][5.720s] GC(7)   Other: 0.2ms
[2023-09-05T10:51:37.234+0200][5.720s] GC(7) Eden regions: 155->0(245)
[2023-09-05T10:51:37.234+0200][5.720s] GC(7) Survivor regions: 7->12(21)
[2023-09-05T10:51:37.234+0200][5.720s] GC(7) Old regions: 20->20
[2023-09-05T10:51:37.234+0200][5.720s] GC(7) Humongous regions: 4->4
[2023-09-05T10:51:37.234+0200][5.720s] GC(7) Metaspace: 51769K->51769K(1095680K)
[2023-09-05T10:51:37.234+0200][5.720s] GC(7) Pause Young (Normal) (G1 Evacuation Pause) 185M->35M(512M) 4.654ms
[2023-09-05T10:51:37.234+0200][5.720s] GC(7) User=0.03s Sys=0.00s Real=0.01s
[2023-09-05T11:48:45.755+0200][3434.165s] GC(8) Pause Young (Concurrent Start) (GCLocker Initiated GC)
[2023-09-05T11:48:45.755+0200][3434.165s] GC(8) Using 8 workers of 8 for evacuation
[2023-09-05T11:48:45.771+0200][3434.181s] GC(8)   Pre Evacuate Collection Set: 0.2ms
[2023-09-05T11:48:45.771+0200][3434.181s] GC(8)   Evacuate Collection Set: 13.8ms
[2023-09-05T11:48:45.771+0200][3434.181s] GC(8)   Post Evacuate Collection Set: 2.0ms
[2023-09-05T11:48:45.771+0200][3434.181s] GC(8)   Other: 0.4ms
[2023-09-05T11:48:45.771+0200][3434.181s] GC(8) Eden regions: 105->0(230)
[2023-09-05T11:48:45.771+0200][3434.181s] GC(8) Survivor regions: 12->20(33)
[2023-09-05T11:48:45.771+0200][3434.181s] GC(8) Old regions: 20->20
[2023-09-05T11:48:45.771+0200][3434.181s] GC(8) Humongous regions: 7->7
[2023-09-05T11:48:45.771+0200][3434.181s] GC(8) Metaspace: 58770K->58770K(1101824K)
[2023-09-05T11:48:45.771+0200][3434.181s] GC(8) Pause Young (Concurrent Start) (GCLocker Initiated GC) 143M->46M(512M) 16.482ms
[2023-09-05T11:48:45.771+0200][3434.181s] GC(8) User=0.05s Sys=0.00s Real=0.02s
[2023-09-05T11:48:45.771+0200][3434.181s] GC(9) Concurrent Cycle
[2023-09-05T11:48:45.771+0200][3434.181s] GC(9) Concurrent Clear Claimed Marks
[2023-09-05T11:48:45.771+0200][3434.182s] GC(9) Concurrent Clear Claimed Marks 0.131ms
[2023-09-05T11:48:45.771+0200][3434.182s] GC(9) Concurrent Scan Root Regions
[2023-09-05T11:48:45.780+0200][3434.190s] GC(9) Concurrent Scan Root Regions 8.263ms
[2023-09-05T11:48:45.780+0200][3434.190s] GC(9) Concurrent Mark (3434.190s)
[2023-09-05T11:48:45.780+0200][3434.190s] GC(9) Concurrent Mark From Roots
[2023-09-05T11:48:45.780+0200][3434.190s] GC(9) Using 2 workers of 2 for marking
[2023-09-05T11:48:45.796+0200][3434.206s] GC(9) Concurrent Mark From Roots 16.384ms
[2023-09-05T11:48:45.796+0200][3434.206s] GC(9) Concurrent Preclean
[2023-09-05T11:48:45.796+0200][3434.207s] GC(9) Concurrent Preclean 0.218ms
[2023-09-05T11:48:45.796+0200][3434.207s] GC(9) Concurrent Mark (3434.190s, 3434.207s) 16.756ms
[2023-09-05T11:48:45.796+0200][3434.207s] GC(9) Pause Remark
[2023-09-05T11:48:45.805+0200][3434.216s] GC(9) Cleaned string and symbol table, strings: 26397 processed, 993 removed, symbols: 173058 processed, 587 removed
[2023-09-05T11:48:45.806+0200][3434.216s] GC(9) Pause Remark 50M->50M(512M) 9.558ms
[2023-09-05T11:48:45.806+0200][3434.216s] GC(9) User=0.06s Sys=0.00s Real=0.01s
[2023-09-05T11:48:45.806+0200][3434.216s] GC(9) Concurrent Rebuild Remembered Sets
[2023-09-05T11:48:45.814+0200][3434.224s] GC(9) Concurrent Rebuild Remembered Sets 7.843ms
[2023-09-05T11:48:45.814+0200][3434.224s] GC(9) Pause Cleanup
[2023-09-05T11:48:45.814+0200][3434.225s] GC(9) Pause Cleanup 50M->50M(512M) 0.151ms
[2023-09-05T11:48:45.814+0200][3434.225s] GC(9) User=0.00s Sys=0.00s Real=0.00s
[2023-09-05T11:48:45.814+0200][3434.225s] GC(9) Concurrent Cleanup for Next Mark
[2023-09-05T11:48:45.815+0200][3434.225s] GC(9) Concurrent Cleanup for Next Mark 0.520ms
[2023-09-05T11:48:45.815+0200][3434.225s] GC(9) Concurrent Cycle 43.889ms
[2023-09-05T12:08:32.120+0200][4620.644s] Heap
[2023-09-05T12:08:32.121+0200][4620.644s]  garbage-first heap   total 524288K, used 103138K [0x00000007e0000000, 0x0000000800000000)
[2023-09-05T12:08:32.121+0200][4620.644s]   region size 1024K, 76 young (77824K), 20 survivors (20480K)
[2023-09-05T12:08:32.121+0200][4620.644s]  Metaspace       used 60292K, capacity 61587K, committed 62160K, reserved 1103872K
[2023-09-05T12:08:32.121+0200][4620.644s]   class space    used 6912K, capacity 7412K, committed 7552K, reserved 1048576K
