[2023-09-05T10:51:06.434+0200][0.008s] Heap region size: 1M
[2023-09-05T10:51:06.675+0200][0.248s] Using G1
[2023-09-05T10:51:06.675+0200][0.248s] Heap address: 0x00000007e0000000, size: 512 MB, Compressed Oops mode: Zero based, Oop shift amount: 3
[2023-09-05T10:51:07.376+0200][0.949s] GC(0) Pause Young (Normal) (G1 Evacuation Pause)
[2023-09-05T10:51:07.376+0200][0.949s] GC(0) Using 8 workers of 8 for evacuation
[2023-09-05T10:51:07.378+0200][0.951s] GC(0)   Pre Evacuate Collection Set: 0.0ms
[2023-09-05T10:51:07.378+0200][0.951s] GC(0)   Evacuate Collection Set: 1.6ms
[2023-09-05T10:51:07.378+0200][0.951s] GC(0)   Post Evacuate Collection Set: 0.3ms
[2023-09-05T10:51:07.378+0200][0.951s] GC(0)   Other: 0.5ms
[2023-09-05T10:51:07.378+0200][0.951s] GC(0) Eden regions: 30->0(304)
[2023-09-05T10:51:07.378+0200][0.951s] GC(0) Survivor regions: 0->3(4)
[2023-09-05T10:51:07.378+0200][0.951s] GC(0) Old regions: 0->0
[2023-09-05T10:51:07.378+0200][0.951s] GC(0) Humongous regions: 0->0
[2023-09-05T10:51:07.378+0200][0.952s] GC(0) Metaspace: 13193K->13193K(1060864K)
[2023-09-05T10:51:07.378+0200][0.952s] GC(0) Pause Young (Normal) (G1 Evacuation Pause) 30M->2M(512M) 2.554ms
[2023-09-05T10:51:07.378+0200][0.952s] GC(0) User=0.01s Sys=0.00s Real=0.00s
[2023-09-05T10:51:07.922+0200][1.495s] GC(1) Pause Young (Concurrent Start) (Metadata GC Threshold)
[2023-09-05T10:51:07.922+0200][1.496s] GC(1) Using 8 workers of 8 for evacuation
[2023-09-05T10:51:07.932+0200][1.506s] GC(1)   Pre Evacuate Collection Set: 0.0ms
[2023-09-05T10:51:07.932+0200][1.506s] GC(1)   Evacuate Collection Set: 9.5ms
[2023-09-05T10:51:07.932+0200][1.506s] GC(1)   Post Evacuate Collection Set: 0.4ms
[2023-09-05T10:51:07.932+0200][1.506s] GC(1)   Other: 0.3ms
[2023-09-05T10:51:07.932+0200][1.506s] GC(1) Eden regions: 26->0(68)
[2023-09-05T10:51:07.933+0200][1.506s] GC(1) Survivor regions: 3->12(39)
[2023-09-05T10:51:07.933+0200][1.506s] GC(1) Old regions: 0->0
[2023-09-05T10:51:07.933+0200][1.506s] GC(1) Humongous regions: 4->4
[2023-09-05T10:51:07.933+0200][1.506s] GC(1) Metaspace: 20705K->20705K(1069056K)
[2023-09-05T10:51:07.933+0200][1.506s] GC(1) Pause Young (Concurrent Start) (Metadata GC Threshold) 32M->15M(512M) 10.394ms
[2023-09-05T10:51:07.933+0200][1.506s] GC(1) User=0.04s Sys=0.00s Real=0.01s
[2023-09-05T10:51:07.933+0200][1.506s] GC(2) Concurrent Cycle
[2023-09-05T10:51:07.933+0200][1.506s] GC(2) Concurrent Clear Claimed Marks
[2023-09-05T10:51:07.933+0200][1.506s] GC(2) Concurrent Clear Claimed Marks 0.032ms
[2023-09-05T10:51:07.933+0200][1.506s] GC(2) Concurrent Scan Root Regions
[2023-09-05T10:51:07.936+0200][1.509s] GC(2) Concurrent Scan Root Regions 2.783ms
[2023-09-05T10:51:07.936+0200][1.509s] GC(2) Concurrent Mark (1.509s)
[2023-09-05T10:51:07.936+0200][1.509s] GC(2) Concurrent Mark From Roots
[2023-09-05T10:51:07.936+0200][1.509s] GC(2) Using 2 workers of 2 for marking
[2023-09-05T10:51:07.936+0200][1.510s] GC(2) Concurrent Mark From Roots 0.789ms
[2023-09-05T10:51:07.936+0200][1.510s] GC(2) Concurrent Preclean
[2023-09-05T10:51:07.936+0200][1.510s] GC(2) Concurrent Preclean 0.027ms
[2023-09-05T10:51:07.936+0200][1.510s] GC(2) Concurrent Mark (1.509s, 1.510s) 0.857ms
[2023-09-05T10:51:07.936+0200][1.510s] GC(2) Pause Remark
[2023-09-05T10:51:07.937+0200][1.511s] GC(2) Cleaned string and symbol table, strings: 9534 processed, 0 removed, symbols: 67540 processed, 22 removed
[2023-09-05T10:51:07.937+0200][1.511s] GC(2) Pause Remark 16M->16M(512M) 1.004ms
[2023-09-05T10:51:07.938+0200][1.511s] GC(2) User=0.00s Sys=0.00s Real=0.00s
[2023-09-05T10:51:07.938+0200][1.511s] GC(2) Concurrent Rebuild Remembered Sets
[2023-09-05T10:51:07.940+0200][1.514s] GC(2) Concurrent Rebuild Remembered Sets 2.725ms
[2023-09-05T10:51:07.940+0200][1.514s] GC(2) Pause Cleanup
[2023-09-05T10:51:07.940+0200][1.514s] GC(2) Pause Cleanup 16M->16M(512M) 0.075ms
[2023-09-05T10:51:07.941+0200][1.514s] GC(2) User=0.00s Sys=0.00s Real=0.00s
[2023-09-05T10:51:07.941+0200][1.514s] GC(2) Concurrent Cleanup for Next Mark
[2023-09-05T10:51:07.941+0200][1.515s] GC(2) Concurrent Cleanup for Next Mark 0.833ms
[2023-09-05T10:51:07.941+0200][1.515s] GC(2) Concurrent Cycle 8.841ms
[2023-09-05T10:51:08.669+0200][2.242s] GC(3) Pause Young (Normal) (G1 Evacuation Pause)
[2023-09-05T10:51:08.669+0200][2.242s] GC(3) Using 8 workers of 8 for evacuation
[2023-09-05T10:51:08.677+0200][2.250s] GC(3)   Pre Evacuate Collection Set: 0.0ms
[2023-09-05T10:51:08.677+0200][2.250s] GC(3)   Evacuate Collection Set: 7.3ms
[2023-09-05T10:51:08.677+0200][2.251s] GC(3)   Post Evacuate Collection Set: 0.7ms
[2023-09-05T10:51:08.677+0200][2.251s] GC(3)   Other: 0.1ms
[2023-09-05T10:51:08.677+0200][2.251s] GC(3) Eden regions: 47->0(71)
[2023-09-05T10:51:08.677+0200][2.251s] GC(3) Survivor regions: 12->8(8)
[2023-09-05T10:51:08.677+0200][2.251s] GC(3) Old regions: 0->12
[2023-09-05T10:51:08.677+0200][2.251s] GC(3) Humongous regions: 4->4
[2023-09-05T10:51:08.677+0200][2.251s] GC(3) Metaspace: 26181K->26181K(1073152K)
[2023-09-05T10:51:08.677+0200][2.251s] GC(3) Pause Young (Normal) (G1 Evacuation Pause) 62M->23M(512M) 8.284ms
[2023-09-05T10:51:08.677+0200][2.251s] GC(3) User=0.05s Sys=0.00s Real=0.01s
[2023-09-05T10:51:09.591+0200][3.164s] GC(4) Pause Young (Concurrent Start) (Metadata GC Threshold)
[2023-09-05T10:51:09.591+0200][3.164s] GC(4) Using 8 workers of 8 for evacuation
[2023-09-05T10:51:09.595+0200][3.169s] GC(4)   Pre Evacuate Collection Set: 0.1ms
[2023-09-05T10:51:09.595+0200][3.169s] GC(4)   Evacuate Collection Set: 3.7ms
[2023-09-05T10:51:09.595+0200][3.169s] GC(4)   Post Evacuate Collection Set: 0.2ms
[2023-09-05T10:51:09.595+0200][3.169s] GC(4)   Other: 0.2ms
[2023-09-05T10:51:09.595+0200][3.169s] GC(4) Eden regions: 70->0(108)
[2023-09-05T10:51:09.595+0200][3.169s] GC(4) Survivor regions: 8->2(10)
[2023-09-05T10:51:09.595+0200][3.169s] GC(4) Old regions: 12->20
[2023-09-05T10:51:09.595+0200][3.169s] GC(4) Humongous regions: 4->4
[2023-09-05T10:51:09.595+0200][3.169s] GC(4) Metaspace: 34925K->34925K(1081344K)
[2023-09-05T10:51:09.595+0200][3.169s] GC(4) Pause Young (Concurrent Start) (Metadata GC Threshold) 93M->25M(512M) 4.308ms
[2023-09-05T10:51:09.595+0200][3.169s] GC(4) User=0.03s Sys=0.00s Real=0.00s
[2023-09-05T10:51:09.595+0200][3.169s] GC(5) Concurrent Cycle
[2023-09-05T10:51:09.595+0200][3.169s] GC(5) Concurrent Clear Claimed Marks
[2023-09-05T10:51:09.595+0200][3.169s] GC(5) Concurrent Clear Claimed Marks 0.047ms
[2023-09-05T10:51:09.595+0200][3.169s] GC(5) Concurrent Scan Root Regions
[2023-09-05T10:51:09.596+0200][3.170s] GC(5) Concurrent Scan Root Regions 0.695ms
[2023-09-05T10:51:09.596+0200][3.170s] GC(5) Concurrent Mark (3.170s)
[2023-09-05T10:51:09.596+0200][3.170s] GC(5) Concurrent Mark From Roots
[2023-09-05T10:51:09.596+0200][3.170s] GC(5) Using 2 workers of 2 for marking
[2023-09-05T10:51:09.617+0200][3.190s] GC(5) Concurrent Mark From Roots 20.780ms
[2023-09-05T10:51:09.617+0200][3.190s] GC(5) Concurrent Preclean
[2023-09-05T10:51:09.617+0200][3.191s] GC(5) Concurrent Preclean 0.103ms
[2023-09-05T10:51:09.617+0200][3.191s] GC(5) Concurrent Mark (3.170s, 3.191s) 20.965ms
[2023-09-05T10:51:09.617+0200][3.191s] GC(5) Pause Remark
[2023-09-05T10:51:09.622+0200][3.195s] GC(5) Cleaned string and symbol table, strings: 15705 processed, 21 removed, symbols: 114245 processed, 36 removed
[2023-09-05T10:51:09.622+0200][3.195s] GC(5) Pause Remark 26M->26M(512M) 4.448ms
[2023-09-05T10:51:09.622+0200][3.195s] GC(5) User=0.03s Sys=0.00s Real=0.01s
[2023-09-05T10:51:09.622+0200][3.195s] GC(5) Concurrent Rebuild Remembered Sets
[2023-09-05T10:51:09.632+0200][3.205s] GC(5) Concurrent Rebuild Remembered Sets 9.930ms
[2023-09-05T10:51:09.632+0200][3.206s] GC(5) Pause Cleanup
[2023-09-05T10:51:09.632+0200][3.206s] GC(5) Pause Cleanup 27M->27M(512M) 0.129ms
[2023-09-05T10:51:09.632+0200][3.206s] GC(5) User=0.00s Sys=0.00s Real=0.00s
[2023-09-05T10:51:09.632+0200][3.206s] GC(5) Concurrent Cleanup for Next Mark
[2023-09-05T10:51:09.634+0200][3.207s] GC(5) Concurrent Cleanup for Next Mark 1.183ms
[2023-09-05T10:51:09.634+0200][3.207s] GC(5) Concurrent Cycle 38.218ms
[2023-09-05T10:51:11.024+0200][4.598s] GC(6) Pause Young (Normal) (G1 Evacuation Pause)
[2023-09-05T10:51:11.024+0200][4.598s] GC(6) Using 8 workers of 8 for evacuation
[2023-09-05T10:51:11.031+0200][4.605s] GC(6)   Pre Evacuate Collection Set: 0.1ms
[2023-09-05T10:51:11.031+0200][4.605s] GC(6)   Evacuate Collection Set: 6.1ms
[2023-09-05T10:51:11.031+0200][4.605s] GC(6)   Post Evacuate Collection Set: 0.7ms
[2023-09-05T10:51:11.031+0200][4.605s] GC(6)   Other: 0.2ms
[2023-09-05T10:51:11.031+0200][4.605s] GC(6) Eden regions: 108->0(162)
[2023-09-05T10:51:11.032+0200][4.605s] GC(6) Survivor regions: 2->7(14)
[2023-09-05T10:51:11.032+0200][4.605s] GC(6) Old regions: 20->20
[2023-09-05T10:51:11.032+0200][4.605s] GC(6) Humongous regions: 4->4
[2023-09-05T10:51:11.032+0200][4.605s] GC(6) Metaspace: 45980K->45980K(1091584K)
[2023-09-05T10:51:11.032+0200][4.605s] GC(6) Pause Young (Normal) (G1 Evacuation Pause) 133M->30M(512M) 7.263ms
[2023-09-05T10:51:11.032+0200][4.605s] GC(6) User=0.04s Sys=0.00s Real=0.01s
[2023-09-05T10:51:12.107+0200][5.681s] GC(7) Pause Young (Normal) (G1 Evacuation Pause)
[2023-09-05T10:51:12.107+0200][5.681s] GC(7) Using 8 workers of 8 for evacuation
[2023-09-05T10:51:12.114+0200][5.688s] GC(7)   Pre Evacuate Collection Set: 0.0ms
[2023-09-05T10:51:12.114+0200][5.688s] GC(7)   Evacuate Collection Set: 5.6ms
[2023-09-05T10:51:12.114+0200][5.688s] GC(7)   Post Evacuate Collection Set: 1.1ms
[2023-09-05T10:51:12.114+0200][5.688s] GC(7)   Other: 0.2ms
[2023-09-05T10:51:12.114+0200][5.688s] GC(7) Eden regions: 162->0(230)
[2023-09-05T10:51:12.114+0200][5.688s] GC(7) Survivor regions: 7->13(22)
[2023-09-05T10:51:12.114+0200][5.688s] GC(7) Old regions: 20->20
[2023-09-05T10:51:12.114+0200][5.688s] GC(7) Humongous regions: 4->4
[2023-09-05T10:51:12.114+0200][5.688s] GC(7) Metaspace: 53058K->53058K(1097728K)
[2023-09-05T10:51:12.114+0200][5.688s] GC(7) Pause Young (Normal) (G1 Evacuation Pause) 192M->36M(512M) 7.098ms
[2023-09-05T10:51:12.114+0200][5.688s] GC(7) User=0.05s Sys=0.00s Real=0.01s
[2023-09-05T10:51:19.226+0200][12.801s] Heap
[2023-09-05T10:51:19.226+0200][12.801s]  garbage-first heap   total 524288K, used 65829K [0x00000007e0000000, 0x0000000800000000)
[2023-09-05T10:51:19.226+0200][12.801s]   region size 1024K, 42 young (43008K), 13 survivors (13312K)
[2023-09-05T10:51:19.227+0200][12.801s]  Metaspace       used 54224K, capacity 55588K, committed 55984K, reserved 1097728K
[2023-09-05T10:51:19.227+0200][12.801s]   class space    used 6282K, capacity 6797K, committed 6912K, reserved 1048576K
